
Discarded input sections

 .text          0x00000000        0x0 build/obj/crt0.o
 .data          0x00000000        0x0 build/obj/crt0.o
 .bss           0x00000000        0x0 build/obj/crt0.o
 .text.__early_init
                0x00000000       0x10 build/obj/crt0.o
 .text          0x00000000        0x0 build/obj/vectors.o
 .data          0x00000000        0x0 build/obj/vectors.o
 .bss           0x00000000        0x0 build/obj/vectors.o
 .text          0x00000000        0x0 build/obj/chcore.o
 .data          0x00000000        0x0 build/obj/chcore.o
 .bss           0x00000000        0x0 build/obj/chcore.o
 .text          0x00000000        0x0 build/obj/chcore_v7m.o
 .data          0x00000000        0x0 build/obj/chcore_v7m.o
 .bss           0x00000000        0x0 build/obj/chcore_v7m.o
 .text          0x00000000        0x0 build/obj/nvic.o
 .data          0x00000000        0x0 build/obj/nvic.o
 .bss           0x00000000        0x0 build/obj/nvic.o
 .text.nvicDisableVector
                0x00000000       0x60 build/obj/nvic.o
 .text          0x00000000        0x0 build/obj/chsys.o
 .data          0x00000000        0x0 build/obj/chsys.o
 .bss           0x00000000        0x0 build/obj/chsys.o
 .text          0x00000000        0x0 build/obj/chdebug.o
 .data          0x00000000        0x0 build/obj/chdebug.o
 .bss           0x00000000        0x0 build/obj/chdebug.o
 .text.dbg_check_disable
                0x00000000       0x30 build/obj/chdebug.o
 .text.dbg_check_suspend
                0x00000000       0x30 build/obj/chdebug.o
 .text          0x00000000        0x0 build/obj/chlists.o
 .data          0x00000000        0x0 build/obj/chlists.o
 .bss           0x00000000        0x0 build/obj/chlists.o
 .debug_info    0x00000000       0x75 build/obj/chlists.o
 .debug_abbrev  0x00000000       0x24 build/obj/chlists.o
 .debug_aranges
                0x00000000       0x18 build/obj/chlists.o
 .debug_line    0x00000000       0x1d build/obj/chlists.o
 .debug_str     0x00000000      0x19d build/obj/chlists.o
 .comment       0x00000000       0x71 build/obj/chlists.o
 .ARM.attributes
                0x00000000       0x33 build/obj/chlists.o
 .text          0x00000000        0x0 build/obj/chvt.o
 .data          0x00000000        0x0 build/obj/chvt.o
 .bss           0x00000000        0x0 build/obj/chvt.o
 .text          0x00000000        0x0 build/obj/chschd.o
 .data          0x00000000        0x0 build/obj/chschd.o
 .bss           0x00000000        0x0 build/obj/chschd.o
 .text          0x00000000        0x0 build/obj/chthreads.o
 .data          0x00000000        0x0 build/obj/chthreads.o
 .bss           0x00000000        0x0 build/obj/chthreads.o
 .text.list_insert
                0x00000000       0x20 build/obj/chthreads.o
 .text.chThdSetPriority
                0x00000000       0x70 build/obj/chthreads.o
 .text.chThdResume
                0x00000000       0x40 build/obj/chthreads.o
 .text.chThdTerminate
                0x00000000       0x40 build/obj/chthreads.o
 .text.chThdSleepUntil
                0x00000000       0x40 build/obj/chthreads.o
 .text.chThdYield
                0x00000000       0x30 build/obj/chthreads.o
 .text.chThdWait
                0x00000000       0x90 build/obj/chthreads.o
 .text          0x00000000        0x0 build/obj/chdynamic.o
 .data          0x00000000        0x0 build/obj/chdynamic.o
 .bss           0x00000000        0x0 build/obj/chdynamic.o
 .rodata        0x00000000       0x48 build/obj/chdynamic.o
 .text.chThdAddRef
                0x00000000       0x50 build/obj/chdynamic.o
 .text.chThdRelease
                0x00000000       0xc0 build/obj/chdynamic.o
 .text.chThdCreateFromHeap
                0x00000000       0x90 build/obj/chdynamic.o
 .text.chThdCreateFromMemoryPool
                0x00000000       0xa0 build/obj/chdynamic.o
 .debug_info    0x00000000      0x72f build/obj/chdynamic.o
 .debug_abbrev  0x00000000      0x179 build/obj/chdynamic.o
 .debug_aranges
                0x00000000       0x38 build/obj/chdynamic.o
 .debug_ranges  0x00000000       0x28 build/obj/chdynamic.o
 .debug_line    0x00000000      0x288 build/obj/chdynamic.o
 .debug_str     0x00000000      0x45d build/obj/chdynamic.o
 .comment       0x00000000       0x71 build/obj/chdynamic.o
 .ARM.attributes
                0x00000000       0x33 build/obj/chdynamic.o
 .debug_frame   0x00000000       0x80 build/obj/chdynamic.o
 .text          0x00000000        0x0 build/obj/chregistry.o
 .data          0x00000000        0x0 build/obj/chregistry.o
 .bss           0x00000000        0x0 build/obj/chregistry.o
 .text.chRegFirstThread
                0x00000000       0x40 build/obj/chregistry.o
 .rodata        0x00000000       0x18 build/obj/chregistry.o
 .text.chRegNextThread
                0x00000000       0x70 build/obj/chregistry.o
 .text          0x00000000        0x0 build/obj/chsem.o
 .data          0x00000000        0x0 build/obj/chsem.o
 .bss           0x00000000        0x0 build/obj/chsem.o
 .text.fifo_remove
[...]
Memory Configuration

Name             Origin             Length             Attributes
flash            0x08000000         0x00080000
ram              0x20000000         0x00014000
*default*        0x00000000         0xffffffff

Linker script and memory map

LOAD build/obj/crt0.o
LOAD build/obj/vectors.o
LOAD build/obj/chcore.o
LOAD build/obj/chcore_v7m.o
LOAD build/obj/nvic.o
LOAD build/obj/chsys.o
LOAD build/obj/chdebug.o
LOAD build/obj/chlists.o
LOAD build/obj/chvt.o
LOAD build/obj/chschd.o
LOAD build/obj/chthreads.o
LOAD build/obj/chdynamic.o
LOAD build/obj/chregistry.o
LOAD build/obj/chsem.o
LOAD build/obj/chmtx.o
LOAD build/obj/chcond.o
LOAD build/obj/chevents.o
LOAD build/obj/chmsg.o
LOAD build/obj/chmboxes.o
LOAD build/obj/chqueues.o
LOAD build/obj/chmemcore.o
LOAD build/obj/chheap.o
LOAD build/obj/chmempools.o
LOAD build/obj/test.o
LOAD build/obj/testthd.o
LOAD build/obj/testsem.o
LOAD build/obj/testmtx.o
LOAD build/obj/testmsg.o
LOAD build/obj/testmbox.o
LOAD build/obj/testevt.o
LOAD build/obj/testheap.o
LOAD build/obj/testpools.o
LOAD build/obj/testdyn.o
LOAD build/obj/testqueues.o
LOAD build/obj/testbmk.o
LOAD build/obj/hal.o
LOAD build/obj/adc.o
LOAD build/obj/can.o
LOAD build/obj/ext.o
LOAD build/obj/gpt.o
LOAD build/obj/i2c.o
LOAD build/obj/icu.o
LOAD build/obj/mac.o
LOAD build/obj/mmc_spi.o
LOAD build/obj/mmcsd.o
LOAD build/obj/pal.o
LOAD build/obj/pwm.o
LOAD build/obj/rtc.o
LOAD build/obj/sdc.o
LOAD build/obj/serial.o
LOAD build/obj/serial_usb.o
LOAD build/obj/spi.o
LOAD build/obj/tm.o
LOAD build/obj/uart.o
LOAD build/obj/usb.o
LOAD build/obj/stm32_dma.o
LOAD build/obj/hal_lld.o
LOAD build/obj/adc_lld.o
LOAD build/obj/ext_lld_isr.o
LOAD build/obj/ext_lld.o
LOAD build/obj/pal_lld.o
LOAD build/obj/i2c_lld.o
LOAD build/obj/rtc_lld.o
LOAD build/obj/spi_lld.o
LOAD build/obj/gpt_lld.o
LOAD build/obj/icu_lld.o
LOAD build/obj/pwm_lld.o
LOAD build/obj/serial_lld.o
LOAD build/obj/uart_lld.o
LOAD build/obj/usb_lld.o
LOAD build/obj/board.o
LOAD build/obj/chprintf.o
LOAD build/obj/ledcomm.o
LOAD build/obj/led.o
LOAD build/obj/ledcomm-uart.o
LOAD build/obj/main.o
                0x00000400                __main_stack_size__ = 0x400
                0x00000400                __process_stack_size__ = 0x400
                0x20000000                __ram_start__ = ORIGIN (ram)
                0x00014000                __ram_size__ = 0x14000
                0x20014000                __ram_end__ = (__ram_start__ + __ram_size__)
                0x00000000                . = 0x0
                0x00000000                _text = .

startup         0x08000000       0xf4
 *(vectors)
 vectors        0x08000000       0xf4 build/obj/vectors.o
                0x08000000                _vectors

constructors    0x080000f4        0x0
                0x080000f4                PROVIDE (__init_array_start, .)
 *(SORT(.init_array.*))
 *(.init_array)
                0x080000f4                PROVIDE (__init_array_end, .)

destructors     0x080000f4        0x0
                0x080000f4                PROVIDE (__fini_array_start, .)
 *(.fini_array)
 *(SORT(.fini_array.*))
                0x080000f4                PROVIDE (__fini_array_end, .)

.text           0x08000100     0x50bc
 *(.text.startup.*)
 *(.text)
 *(.text.*)
 .text.__late_init
                0x08000100       0x10 build/obj/crt0.o
                0x08000100                __late_init
 .text._default_exit
                0x08000110       0x10 build/obj/crt0.o
                0x08000110                _default_exit
 .text.ResetHandler
                0x08000120       0xd0 build/obj/crt0.o
                0x08000120                ResetHandler
 .text._unhandled_exception
                0x080001f0       0x10 build/obj/vectors.o
                0x080001f0                VectorAC
                0x080001f0                NMIVector
                0x080001f0                Vector8C
                0x080001f0                VectorDC
                0x080001f0                VectorC8
                0x080001f0                Vector94
                0x080001f0                VectorA8
                0x080001f0                VectorB4
                0x080001f0                VectorEC
                0x080001f0                UsageFaultVector
                0x080001f0                DebugMonitorVector
                0x080001f0                Vector40
                0x080001f0                VectorBC
                0x080001f0                PendSVVector
                0x080001f0                VectorCC
                0x080001f0                Vector54
                0x080001f0                Vector24
                0x080001f0                BusFaultVector
                0x080001f0                VectorD0
                0x080001f0                VectorC0
                0x080001f0                HardFaultVector
                0x080001f0                VectorF0
                0x080001f0                MemManageVector
                0x080001f0                VectorA0
                0x080001f0                VectorC4
                0x080001f0                Vector90
                0x080001f0                Vector1C
                0x080001f0                VectorD4
                0x080001f0                _unhandled_exception
                0x080001f0                Vector50
                0x080001f0                Vector28
                0x080001f0                VectorB8
                0x080001f0                Vector34
                0x080001f0                VectorA4
                0x080001f0                Vector20
 .text.port_halt
                0x08000200       0x10 build/obj/chcore.o
                0x08000200                port_halt
 .text.SysTickVector
                0x08000210       0x30 build/obj/chcore_v7m.o
                0x08000210                SysTickVector
 .text.SVCallVector
                0x08000240       0x20 build/obj/chcore_v7m.o
                0x08000240                SVCallVector
 .text._port_init
                0x08000260       0x30 build/obj/chcore_v7m.o
                0x08000260                _port_init
 .text._port_irq_epilogue
                0x08000290       0xa0 build/obj/chcore_v7m.o
                0x08000290                _port_irq_epilogue
 .text._port_switch_from_isr
                0x08000330       0x10 build/obj/chcore_v7m.o
                0x08000330                _port_switch_from_isr
 .text._port_switch
                0x08000340       0x20 build/obj/chcore_v7m.o
                0x08000340                _port_switch
 .text._port_thread_start
                0x08000360       0x20 build/obj/chcore_v7m.o
                0x08000360                _port_thread_start
 .text.nvicEnableVector
                0x08000380       0x80 build/obj/nvic.o
                0x08000380                nvicEnableVector
 .text.nvicSetSystemHandlerPriority
                0x08000400       0x50 build/obj/nvic.o
                0x08000400                nvicSetSystemHandlerPriority
 .text._idle_thread
                0x08000450       0x20 build/obj/chsys.o
                0x08000450                _idle_thread
 .text.chSysInit
                0x08000470       0x80 build/obj/chsys.o
                0x08000470                chSysInit
 .text.chSysTimerHandlerI
                0x080004f0       0xb0 build/obj/chsys.o
                0x080004f0                chSysTimerHandlerI
 .text.dbg_check_enable
                0x080005a0       0x30 build/obj/chdebug.o
                0x080005a0                dbg_check_enable
 .text.dbg_check_lock
                0x080005d0       0x30 build/obj/chdebug.o
                0x080005d0                dbg_check_lock
 .text.dbg_check_unlock
                0x08000600       0x30 build/obj/chdebug.o
                0x08000600                dbg_check_unlock
 .text.dbg_check_lock_from_isr
                0x08000630       0x30 build/obj/chdebug.o
                0x08000630                dbg_check_lock_from_isr
 .text.dbg_check_unlock_from_isr
                0x08000660       0x30 build/obj/chdebug.o
                0x08000660                dbg_check_unlock_from_isr
 .text.dbg_check_enter_isr
                0x08000690       0x40 build/obj/chdebug.o
                0x08000690                dbg_check_enter_isr
 .text.dbg_check_leave_isr
                0x080006d0       0x40 build/obj/chdebug.o
                0x080006d0                dbg_check_leave_isr
 .text.chDbgCheckClassI
                0x08000710       0x30 build/obj/chdebug.o
                0x08000710                chDbgCheckClassI
 .text.chDbgCheckClassS
                0x08000740       0x30 build/obj/chdebug.o
                0x08000740                chDbgCheckClassS
 .text._trace_init
                0x08000770       0x20 build/obj/chdebug.o
                0x08000770                _trace_init
 .text.dbg_trace
                0x08000790       0x70 build/obj/chdebug.o
                0x08000790                dbg_trace
 .text.chDbgPanic
                0x08000800       0x20 build/obj/chdebug.o
                0x08000800                chDbgPanic
 .text._vt_init
                0x08000820       0x30 build/obj/chvt.o
                0x08000820                _vt_init
 .text.chVTSetI
                0x08000850       0xa0 build/obj/chvt.o
                0x08000850                chVTSetI
 .text.chVTResetI
                0x080008f0       0x70 build/obj/chvt.o
                0x080008f0                chVTResetI
 .text.fifo_remove
                0x08000960       0x30 build/obj/chschd.o
 .text.dequeue  0x08000990       0x20 build/obj/chschd.o
 .text._scheduler_init
                0x080009b0       0x30 build/obj/chschd.o
                0x080009b0                _scheduler_init
 .text.chSchReadyI
                0x080009e0       0x80 build/obj/chschd.o
                0x080009e0                chSchReadyI
 .text.chSchGoSleepS
                0x08000a60       0x70 build/obj/chschd.o
                0x08000a60                chSchGoSleepS
 .text.wakeup   0x08000ad0       0xa0 build/obj/chschd.o
 .text.chSchGoSleepTimeoutS
                0x08000b70       0x70 build/obj/chschd.o
                0x08000b70                chSchGoSleepTimeoutS
 .text.chSchWakeupS
                0x08000be0       0x80 build/obj/chschd.o
                0x08000be0                chSchWakeupS
 .text.chSchRescheduleS
                0x08000c60       0x20 build/obj/chschd.o
                0x08000c60                chSchRescheduleS
 .text.chSchDoRescheduleBehind
                0x08000c80       0x70 build/obj/chschd.o
                0x08000c80                chSchDoRescheduleBehind
 .text.chSchDoRescheduleAhead
                0x08000cf0       0x90 build/obj/chschd.o
                0x08000cf0                chSchDoRescheduleAhead
 .text.chSchDoReschedule
                0x08000d80       0x20 build/obj/chschd.o
                0x08000d80                chSchDoReschedule
 .text.list_remove
                0x08000da0       0x20 build/obj/chthreads.o
 .text._thread_init
                0x08000dc0       0xa0 build/obj/chthreads.o
                0x08000dc0                _thread_init
 .text._thread_memfill
                0x08000e60       0x30 build/obj/chthreads.o
                0x08000e60                _thread_memfill
 .text.chThdCreateI
                0x08000e90       0x70 build/obj/chthreads.o
                0x08000e90                chThdCreateI
 .text.chThdCreateStatic
                0x08000f00       0x70 build/obj/chthreads.o
                0x08000f00                chThdCreateStatic
 .text.chThdSleep
                0x08000f70       0x40 build/obj/chthreads.o
                0x08000f70                chThdSleep
 .text.chThdExit
                0x08000fb0       0x20 build/obj/chthreads.o
                0x08000fb0                chThdExit
 .text.chThdExitS
                0x08000fd0       0x70 build/obj/chthreads.o
                0x08000fd0                chThdExitS
 .text.queue_insert
                0x08001040       0x30 build/obj/chsem.o
 .text.lifo_remove
                0x08001070       0x30 build/obj/chsem.o
 .text.chSemInit
                0x080010a0       0x40 build/obj/chsem.o
                0x080010a0                chSemInit
 .text.chSemReset
                0x080010e0       0x30 build/obj/chsem.o
                0x080010e0                chSemReset
 .text.chSemResetI
                0x08001110       0x90 build/obj/chsem.o
                0x08001110                chSemResetI
 .text.chSemWait
                0x080011a0       0x30 build/obj/chsem.o
                0x080011a0                chSemWait
 .text.chSemWaitS
                0x080011d0       0x90 build/obj/chsem.o
                0x080011d0                chSemWaitS
 .text.chMtxInit
                0x08001260       0x30 build/obj/chmtx.o
                0x08001260                chMtxInit
 .text.chEvtRegisterMask
                0x08001290       0x60 build/obj/chevents.o
                0x08001290                chEvtRegisterMask
 .text.chEvtBroadcastFlagsI
                0x080012f0       0x60 build/obj/chevents.o
                0x080012f0                chEvtBroadcastFlagsI
 .text.chEvtGetAndClearFlags
                0x08001350       0x30 build/obj/chevents.o
                0x08001350                chEvtGetAndClearFlags
 .text.chEvtSignalI
                0x08001380       0x70 build/obj/chevents.o
                0x08001380                chEvtSignalI
 .text.chEvtWaitAllTimeout
                0x080013f0       0x90 build/obj/chevents.o
                0x080013f0                chEvtWaitAllTimeout
 .text.queue_insert
                0x08001480       0x30 build/obj/chqueues.o
 .text.fifo_remove
                0x080014b0       0x30 build/obj/chqueues.o
 .text.qwait    0x080014e0       0x40 build/obj/chqueues.o
 .text.chIQInit
                0x08001520       0x50 build/obj/chqueues.o
                0x08001520                chIQInit
 .text.chIQResetI
                0x08001570       0x50 build/obj/chqueues.o
                0x08001570                chIQResetI
 .text.chIQPutI
                0x080015c0       0xa0 build/obj/chqueues.o
                0x080015c0                chIQPutI
 .text.chIQGetTimeout
                0x08001660       0x90 build/obj/chqueues.o
                0x08001660                chIQGetTimeout
 .text.chIQReadTimeout
                0x080016f0       0xd0 build/obj/chqueues.o
                0x080016f0                chIQReadTimeout
 .text.chOQInit
                0x080017c0       0x50 build/obj/chqueues.o
                0x080017c0                chOQInit
 .text.chOQResetI
                0x08001810       0x60 build/obj/chqueues.o
                0x08001810                chOQResetI
 .text.chOQPutTimeout
                0x08001870       0xa0 build/obj/chqueues.o
                0x08001870                chOQPutTimeout
 .text.chOQGetI
                0x08001910       0x90 build/obj/chqueues.o
                0x08001910                chOQGetI
 .text.chOQWriteTimeout
                0x080019a0       0xd0 build/obj/chqueues.o
                0x080019a0                chOQWriteTimeout
 .text._core_init
                0x08001a70       0x30 build/obj/chmemcore.o
                0x08001a70                _core_init
 .text.chCoreAlloc
                0x08001aa0       0x30 build/obj/chmemcore.o
                0x08001aa0                chCoreAlloc
 .text.chCoreAllocI
                0x08001ad0       0x50 build/obj/chmemcore.o
                0x08001ad0                chCoreAllocI
 .text._heap_init
                0x08001b20       0x30 build/obj/chheap.o
                0x08001b20                _heap_init
 .text.halInit  0x08001b50       0x30 build/obj/hal.o
                0x08001b50                halInit
 .text.adcInit  0x08001b80       0x10 build/obj/adc.o
                0x08001b80                adcInit
 .text.adcObjectInit
                0x08001b90       0x40 build/obj/adc.o
                0x08001b90                adcObjectInit
 .text.extInit  0x08001bd0       0x10 build/obj/ext.o
                0x08001bd0                extInit
 .text.extObjectInit
                0x08001be0       0x20 build/obj/ext.o
                0x08001be0                extObjectInit
 .text.extStart
                0x08001c00       0x70 build/obj/ext.o
                0x08001c00                extStart
 .text.gptInit  0x08001c70       0x10 build/obj/gpt.o
                0x08001c70                gptInit
 .text.gptObjectInit
                0x08001c80       0x20 build/obj/gpt.o
                0x08001c80                gptObjectInit
 .text.gptStart
                0x08001ca0       0x70 build/obj/gpt.o
                0x08001ca0                gptStart
 .text.gptStartContinuous
                0x08001d10       0x30 build/obj/gpt.o
                0x08001d10                gptStartContinuous
 .text.gptStartContinuousI
                0x08001d40       0x50 build/obj/gpt.o
                0x08001d40                gptStartContinuousI
 .text.write    0x08001d90       0x30 build/obj/serial.o
 .text.read     0x08001dc0       0x30 build/obj/serial.o
 .text.put      0x08001df0       0x30 build/obj/serial.o
 .text.get      0x08001e20       0x20 build/obj/serial.o
 .text.putt     0x08001e40       0x30 build/obj/serial.o
 .text.gett     0x08001e70       0x20 build/obj/serial.o
 .text.writet   0x08001e90       0x30 build/obj/serial.o
 .text.readt    0x08001ec0       0x30 build/obj/serial.o
 .text.sdInit   0x08001ef0       0x10 build/obj/serial.o
                0x08001ef0                sdInit
 .text.sdObjectInit
                0x08001f00       0x60 build/obj/serial.o
                0x08001f00                sdObjectInit
 .text.sdStart  0x08001f60       0x60 build/obj/serial.o
                0x08001f60                sdStart
 .text.sdIncomingDataI
                0x08001fc0       0x60 build/obj/serial.o
                0x08001fc0                sdIncomingDataI
 .text.Vector6C
                0x08002020       0x50 build/obj/stm32_dma.o
                0x08002020                Vector6C
 .text.Vector70
                0x08002070       0x50 build/obj/stm32_dma.o
                0x08002070                Vector70
 .text.Vector74
                0x080020c0       0x50 build/obj/stm32_dma.o
                0x080020c0                Vector74
 .text.Vector78
                0x08002110       0x50 build/obj/stm32_dma.o
                0x08002110                Vector78
 .text.Vector7C
                0x08002160       0x50 build/obj/stm32_dma.o
                0x08002160                Vector7C
 .text.Vector80
                0x080021b0       0x50 build/obj/stm32_dma.o
                0x080021b0                Vector80
 .text.Vector84
                0x08002200       0x50 build/obj/stm32_dma.o
                0x08002200                Vector84
 .text.dmaInit  0x08002250       0x60 build/obj/stm32_dma.o
                0x08002250                dmaInit
 .text.hal_lld_backup_domain_init
                0x080022b0       0x60 build/obj/hal_lld.o
 .text.hal_lld_init
                0x08002310       0x90 build/obj/hal_lld.o
                0x08002310                hal_lld_init
 .text.stm32_clock_init
                0x080023a0      0x120 build/obj/hal_lld.o
                0x080023a0                stm32_clock_init
 .text.Vector88
                0x080024c0       0xc0 build/obj/adc_lld.o
                0x080024c0                Vector88
 .text.adc_lld_init
                0x08002580       0x40 build/obj/adc_lld.o
                0x08002580                adc_lld_init
 .text.adc_lld_stop_conversion
                0x080025c0       0x50 build/obj/adc_lld.o
                0x080025c0                adc_lld_stop_conversion
 .text.Vector58
                0x08002610       0x30 build/obj/ext_lld_isr.o
                0x08002610                Vector58
 .text.Vector5C
                0x08002640       0x30 build/obj/ext_lld_isr.o
                0x08002640                Vector5C
 .text.Vector60
                0x08002670       0x30 build/obj/ext_lld_isr.o
                0x08002670                Vector60
 .text.Vector64
                0x080026a0       0x30 build/obj/ext_lld_isr.o
                0x080026a0                Vector64
 .text.Vector68
                0x080026d0       0x30 build/obj/ext_lld_isr.o
                0x080026d0                Vector68
 .text.Vector9C
                0x08002700       0xa0 build/obj/ext_lld_isr.o
                0x08002700                Vector9C
 .text.VectorE0
                0x080027a0       0xc0 build/obj/ext_lld_isr.o
                0x080027a0                VectorE0
 .text.Vector44
                0x08002860       0x30 build/obj/ext_lld_isr.o
                0x08002860                Vector44
 .text.VectorE4
                0x08002890       0x30 build/obj/ext_lld_isr.o
                0x08002890                VectorE4
 .text.VectorE8
                0x080028c0       0x30 build/obj/ext_lld_isr.o
                0x080028c0                VectorE8
 .text.Vector48
                0x080028f0       0x30 build/obj/ext_lld_isr.o
                0x080028f0                Vector48
 .text.Vector4C
                0x08002920       0x30 build/obj/ext_lld_isr.o
                0x08002920                Vector4C
 .text.Vector98
                0x08002950       0x60 build/obj/ext_lld_isr.o
                0x08002950                Vector98
 .text.ext_lld_exti_irq_enable
                0x080029b0       0x70 build/obj/ext_lld_isr.o
                0x080029b0                ext_lld_exti_irq_enable
 .text.ext_lld_init
                0x08002a20       0x10 build/obj/ext_lld.o
                0x08002a20                ext_lld_init
 .text.ext_lld_start
                0x08002a30       0x50 build/obj/ext_lld.o
                0x08002a30                ext_lld_start
 .text.ext_lld_channel_enable
                0x08002a80      0x140 build/obj/ext_lld.o
                0x08002a80                ext_lld_channel_enable
 .text.ext_lld_channel_disable
                0x08002bc0       0x70 build/obj/ext_lld.o
                0x08002bc0                ext_lld_channel_disable
 .text.initgpio
                0x08002c30       0x50 build/obj/pal_lld.o
 .text._pal_lld_init
                0x08002c80       0xa0 build/obj/pal_lld.o
                0x08002c80                _pal_lld_init
 .text._pal_lld_setgroupmode
                0x08002d20      0x130 build/obj/pal_lld.o
                0x08002d20                _pal_lld_setgroupmode
 .text.gpt_lld_serve_interrupt
                0x08002e50       0x40 build/obj/gpt_lld.o
 .text.VectorB0
                0x08002e90       0x20 build/obj/gpt_lld.o
                0x08002e90                VectorB0
 .text.gpt_lld_init
                0x08002eb0       0x20 build/obj/gpt_lld.o
                0x08002eb0                gpt_lld_init
 .text.gpt_lld_start
                0x08002ed0       0xc0 build/obj/gpt_lld.o
                0x08002ed0                gpt_lld_start
 .text.gpt_lld_start_timer
                0x08002f90       0x50 build/obj/gpt_lld.o
                0x08002f90                gpt_lld_start_timer
 .text.gpt_lld_stop_timer
                0x08002fe0       0x30 build/obj/gpt_lld.o
                0x08002fe0                gpt_lld_stop_timer
 .text.usart_init
                0x08003010       0x80 build/obj/serial_lld.o
 .text.set_error
                0x08003090       0x80 build/obj/serial_lld.o
 .text.serve_interrupt
                0x08003110      0x180 build/obj/serial_lld.o
 .text.notify2  0x08003290       0x20 build/obj/serial_lld.o
 .text.VectorD8
                0x080032b0       0x20 build/obj/serial_lld.o
                0x080032b0                VectorD8
 .text.sd_lld_init
                0x080032d0       0x20 build/obj/serial_lld.o
                0x080032d0                sd_lld_init
 .text.sd_lld_start
                0x080032f0       0x50 build/obj/serial_lld.o
                0x080032f0                sd_lld_start
 .text.__early_init
                0x08003340       0x10 build/obj/board.o
                0x08003340                __early_init
 .text.boardInit
                0x08003350       0x10 build/obj/board.o
                0x08003350                boardInit
 .text.long_to_string_with_divisor
                0x08003360       0xa0 build/obj/chprintf.o
 .text.ltoa     0x08003400       0x20 build/obj/chprintf.o
 .text.chvprintf
                0x08003420      0x440 build/obj/chprintf.o
                0x08003420                chvprintf
 .text.write    0x08003860       0x30 build/obj/ledcomm.o
 .text.read     0x08003890       0x30 build/obj/ledcomm.o
 .text.put      0x080038c0       0x30 build/obj/ledcomm.o
 .text.get      0x080038f0       0x20 build/obj/ledcomm.o
 .text.putt     0x08003910       0x30 build/obj/ledcomm.o
 .text.gett     0x08003940       0x20 build/obj/ledcomm.o
 .text.writet   0x08003960       0x30 build/obj/ledcomm.o
 .text.readt    0x08003990       0x30 build/obj/ledcomm.o
 .text.isLinkUp
                0x080039c0       0x20 build/obj/ledcomm.o
                0x080039c0                isLinkUp
 .text.isLinkDown
                0x080039e0       0x30 build/obj/ledcomm.o
                0x080039e0                isLinkDown
 .text.linkUp   0x08003a10       0x70 build/obj/ledcomm.o
                0x08003a10                linkUp
 .text.linkDown
                0x08003a80       0x40 build/obj/ledcomm.o
                0x08003a80                linkDown
 .text.ledCommSerialHandler
                0x08003ac0      0x2b0 build/obj/ledcomm.o
                0x08003ac0                ledCommSerialHandler
 .text.ldInit   0x08003d70       0x20 build/obj/ledcomm.o
                0x08003d70                ldInit
 .text.ldObjectInit
                0x08003d90       0x60 build/obj/ledcomm.o
                0x08003d90                ldObjectInit
 .text.ldStart  0x08003df0      0x1c0 build/obj/ledcomm.o
                0x08003df0                ldStart
 .text.ldIncomingDataI
                0x08003fb0       0x60 build/obj/ledcomm.o
                0x08003fb0                ldIncomingDataI
 .text.ldRequestDataI
                0x08004010       0x50 build/obj/ledcomm.o
                0x08004010                ldRequestDataI
 .text.ledCommOn
                0x08004060       0x30 build/obj/led.o
                0x08004060                ledCommOn
 .text.ledCommOff
                0x08004090       0x30 build/obj/led.o
                0x08004090                ledCommOff
 .text.ledCommReverse
                0x080040c0       0x30 build/obj/led.o
 .text.ledCommInitPad
                0x080040f0       0x40 build/obj/led.o
                0x080040f0                ledCommInitPad
 .text.ledCommCountTrailingHighBits
                0x08004130       0xf0 build/obj/led.o
 .text.ledCommClassify
                0x08004220       0x70 build/obj/led.o
                0x08004220                ledCommClassify
 .text.ledCommSaveBit
                0x08004290      0x160 build/obj/led.o
 .text.ledCommDetect
                0x080043f0       0x70 build/obj/led.o
                0x080043f0                ledCommDetect
 .text.ledCommPrepare
                0x08004460       0xa0 build/obj/led.o
                0x08004460                ledCommPrepare
 .text.ledCommDispatch
                0x08004500       0x30 build/obj/led.o
 .text.extcb1   0x08004530       0x80 build/obj/led.o
                0x08004530                extcb1
 .text.LEDCommThread
                0x080045b0       0x70 build/obj/led.o
                0x080045b0                LEDCommThread
 .text.ledCommPollLinkStatus
                0x08004620       0x30 build/obj/led.o
                0x08004620                ledCommPollLinkStatus
 .text.chprintf
                0x08004650       0x20 build/obj/main.o
 .text.Thread1  0x08004670       0x20 build/obj/main.o
 .text.main     0x08004690      0x1e0 build/obj/main.o
                0x08004690                main
 *(.rodata)
 .rodata        0x08004870        0x8 build/obj/chsys.o
 *fill*         0x08004878        0x8 
 .rodata        0x08004880       0x58 build/obj/chdebug.o
 *fill*         0x080048d8        0x8 
 .rodata        0x080048e0       0x34 build/obj/chvt.o
 *fill*         0x08004914        0xc 
 .rodata        0x08004920       0x24 build/obj/chschd.o
 *fill*         0x08004944        0xc 
 .rodata        0x08004950       0x94 build/obj/chthreads.o
 *fill*         0x080049e4        0xc 
 .rodata        0x080049f0      0x148 build/obj/chsem.o
 *fill*         0x08004b38        0x8 
 .rodata        0x08004b40       0xac build/obj/chmtx.o
 *fill*         0x08004bec        0x4 
 .rodata        0x08004bf0       0x90 build/obj/chevents.o
 .rodata        0x08004c80       0x2c build/obj/chqueues.o
 *fill*         0x08004cac        0x4 
 .rodata        0x08004cb0       0xd0 build/obj/ext.o
 .rodata        0x08004d80      0x110 build/obj/gpt.o
 .rodata        0x08004e90       0x60 build/obj/serial.o
 .rodata        0x08004ef0       0x14 build/obj/gpt_lld.o
 *fill*         0x08004f04        0xc 
 .rodata        0x08004f10        0x8 build/obj/chprintf.o
 *fill*         0x08004f18        0x8 
 .rodata        0x08004f20       0x60 build/obj/ledcomm.o
 .rodata        0x08004f80       0x20 build/obj/led.o
 .rodata        0x08004fa0       0x8c build/obj/main.o
 *(.rodata.*)
 *fill*         0x0800502c        0x4 
 .rodata.ch_debug
                0x08005030       0x18 build/obj/chregistry.o
                0x08005030                ch_debug
 *fill*         0x08005048        0x8 
 .rodata.vmt    0x08005050       0x20 build/obj/serial.o
 .rodata._stm32_dma_streams
                0x08005070       0x54 build/obj/stm32_dma.o
                0x08005070                _stm32_dma_streams
 *fill*         0x080050c4        0xc 
 .rodata.default_config
                0x080050d0        0xc build/obj/serial_lld.o
 *fill*         0x080050dc        0x4 
 .rodata.pal_default_config
                0x080050e0       0xa8 build/obj/board.o
                0x080050e0                pal_default_config
 *fill*         0x08005188        0x8 
 .rodata.vmt    0x08005190       0x20 build/obj/ledcomm.o
 .rodata.GPTC_LEDComm
                0x080051b0        0xc build/obj/led.o
                0x080051b0                GPTC_LEDComm
 *(.glue_7t)
 .glue_7t       0x00000000        0x0 linker stubs
 *(.glue_7)
 .glue_7        0x00000000        0x0 linker stubs
 *(.gcc*)

.vfp11_veneer   0x080051bc        0x0
 .vfp11_veneer  0x00000000        0x0 linker stubs

.v4_bx          0x080051bc        0x0
 .v4_bx         0x00000000        0x0 linker stubs

.iplt           0x080051bc        0x0
 .iplt          0x00000000        0x0 build/obj/crt0.o

.rel.dyn        0x080051bc        0x0
 .rel.iplt      0x00000000        0x0 build/obj/crt0.o

.ARM.extab
 *(.ARM.extab* .gnu.linkonce.armextab.*)

.ARM.exidx      0x080051bc        0x0
                0x080051bc                PROVIDE (__exidx_start, .)
 *(.ARM.exidx* .gnu.linkonce.armexidx.*)
                0x080051bc                PROVIDE (__exidx_end, .)

.eh_frame_hdr
 *(.eh_frame_hdr)

.eh_frame
 *(.eh_frame)

.textalign      0x080051bc        0x4
                0x080051c0                . = ALIGN (0x8)
 *fill*         0x080051bc        0x4 
                0x080051c0                . = ALIGN (0x4)
                0x080051c0                _etext = .
                0x080051c0                _textdata = _etext

.stacks         0x20000000      0x800
                0x20000000                . = ALIGN (0x8)
                0x20000000                __main_stack_base__ = .
                0x20000400                . = (. + __main_stack_size__)
 *fill*         0x20000000      0x400 
                0x20000400                . = ALIGN (0x8)
                0x20000400                __main_stack_end__ = .
                0x20000400                __process_stack_base__ = .
                0x20000400                __main_thread_stack_base__ = .
                0x20000800                . = (. + __process_stack_size__)
 *fill*         0x20000400      0x400 
                0x20000800                . = ALIGN (0x8)
                0x20000800                __process_stack_end__ = .
                0x20000800                __main_thread_stack_end__ = .

.data           0x20000800       0x18 load address 0x080051c0
                0x20000800                . = ALIGN (0x4)
                0x20000800                PROVIDE (_data, .)
 *(.data)
                0x20000800                . = ALIGN (0x4)
 *(.data.*)
 .data.default_config
                0x20000800       0x18 build/obj/ledcomm.o
                0x20000818                . = ALIGN (0x4)
 *(.ramtext)
                0x20000818                . = ALIGN (0x4)
                0x20000818                PROVIDE (_edata, .)

.igot.plt       0x20000818        0x0 load address 0x080051d8
 .igot.plt      0x00000000        0x0 build/obj/crt0.o

.bss            0x20000818      0xc1c load address 0x080051d8
                0x20000818                . = ALIGN (0x4)
                0x20000818                PROVIDE (_bss_start, .)
 *(.bss)
                0x20000818                . = ALIGN (0x4)
 *(.bss.*)
 .bss._idle_thread_wa
                0x20000818       0xe0 build/obj/chsys.o
                0x20000818                _idle_thread_wa
 .bss.mainthread.4842
                0x200008f8       0x4c build/obj/chsys.o
 .bss.dbg_isr_cnt
                0x20000944        0x4 build/obj/chdebug.o
                0x20000944                dbg_isr_cnt
 .bss.dbg_lock_cnt
                0x20000948        0x4 build/obj/chdebug.o
                0x20000948                dbg_lock_cnt
 .bss.dbg_trace_buffer
                0x2000094c      0x408 build/obj/chdebug.o
                0x2000094c                dbg_trace_buffer
 .bss.dbg_panic_msg
                0x20000d54        0x4 build/obj/chdebug.o
                0x20000d54                dbg_panic_msg
 .bss.vtlist    0x20000d58       0x10 build/obj/chvt.o
                0x20000d58                vtlist
 .bss.rlist     0x20000d68       0x1c build/obj/chschd.o
                0x20000d68                rlist
 .bss.nextmem   0x20000d84        0x4 build/obj/chmemcore.o
 .bss.endmem    0x20000d88        0x4 build/obj/chmemcore.o
 *fill*         0x20000d8c        0x4 
 .bss.default_heap
                0x20000d90       0x20 build/obj/chheap.o
 .bss.dma_streams_mask
                0x20000db0        0x4 build/obj/stm32_dma.o
 .bss.dma_isr_redir
                0x20000db4       0x38 build/obj/stm32_dma.o
 .bss.ADCD1     0x20000dec       0x34 build/obj/adc_lld.o
                0x20000dec                ADCD1
 .bss.EXTD1     0x20000e20        0x8 build/obj/ext_lld.o
                0x20000e20                EXTD1
 .bss.GPTD2     0x20000e28       0x10 build/obj/gpt_lld.o
                0x20000e28                GPTD2
 .bss.SD2       0x20000e38       0x78 build/obj/serial_lld.o
                0x20000e38                SD2
 .bss.LCOM2     0x20000eb0       0x98 build/obj/ledcomm.o
                0x20000eb0                LCOM2
 .bss.ledcommINTR
                0x20000f48        0xc build/obj/led.o
 .bss.extcfg    0x20000f54       0xb8 build/obj/led.o
                0x20000f54                extcfg
 *fill*         0x2000100c        0x4 
 .bss.waLEDCommThread
                0x20001010      0x2d0 build/obj/led.o
                0x20001010                waLEDCommThread
 .bss.waThread1
                0x200012e0      0x150 build/obj/main.o
 .bss.chp       0x20001430        0x4 build/obj/main.o
                0x20001430                chp
                0x20001434                . = ALIGN (0x4)
 *(COMMON)
                0x20001434                . = ALIGN (0x4)
                0x20001434                PROVIDE (_bss_end, .)
                0x20001434                PROVIDE (end, .)
                0x20001434                _end = .
                0x20001434                __heap_base__ = _end
                0x20014000                __heap_end__ = __ram_end__
START GROUP
LOAD /opt/gcc-arm-none-eabi-4_8-2014q1/bin/../lib/gcc/arm-none-eabi/4.8.3/armv7e-m/libgcc.a
LOAD /opt/gcc-arm-none-eabi-4_8-2014q1/bin/../lib/gcc/arm-none-eabi/4.8.3/../../../../arm-none-eabi/lib/armv7e-m/libg.a
LOAD /opt/gcc-arm-none-eabi-4_8-2014q1/bin/../lib/gcc/arm-none-eabi/4.8.3/../../../../arm-none-eabi/lib/armv7e-m/libc.a
END GROUP
OUTPUT(build/BeeBoard-L152RE.elf elf32-littlearm)

.debug_info     0x00000000     0xfbd0
 .debug_info    0x00000000      0x287 build/obj/crt0.o
 .debug_info    0x00000287      0x1c8 build/obj/vectors.o
 .debug_info    0x0000044f       0x8e build/obj/chcore.o
 .debug_info    0x000004dd      0x78f build/obj/chcore_v7m.o
 .debug_info    0x00000c6c      0x3fa build/obj/nvic.o
 .debug_info    0x00001066      0x757 build/obj/chsys.o
 .debug_info    0x000017bd      0x76e build/obj/chdebug.o
 .debug_info    0x00001f2b      0x1ff build/obj/chvt.o
 .debug_info    0x0000212a      0x7c0 build/obj/chschd.o
 .debug_info    0x000028ea      0xa19 build/obj/chthreads.o
 .debug_info    0x00003303      0x635 build/obj/chregistry.o
 .debug_info    0x00003938      0x88a build/obj/chsem.o
 .debug_info    0x000041c2      0x7dc build/obj/chmtx.o
 .debug_info    0x0000499e      0xc52 build/obj/chevents.o
 .debug_info    0x000055f0      0xa3a build/obj/chqueues.o
 .debug_info    0x0000602a      0x1da build/obj/chmemcore.o
 .debug_info    0x00006204      0x625 build/obj/chheap.o
 .debug_info    0x00006829      0x2c9 build/obj/hal.o
 .debug_info    0x00006af2      0xc33 build/obj/adc.o
 .debug_info    0x00007725      0x3be build/obj/ext.o
 .debug_info    0x00007ae3      0x62e build/obj/gpt.o
 .debug_info    0x00008111      0xbfe build/obj/serial.o
 .debug_info    0x00008d0f      0x62f build/obj/stm32_dma.o
 .debug_info    0x0000933e      0x3df build/obj/hal_lld.o
 .debug_info    0x0000971d      0xd76 build/obj/adc_lld.o
 .debug_info    0x0000a493      0x49f build/obj/ext_lld_isr.o
 .debug_info    0x0000a932      0x36e build/obj/ext_lld.o
 .debug_info    0x0000aca0      0x497 build/obj/pal_lld.o
 .debug_info    0x0000b137      0x66f build/obj/gpt_lld.o
 .debug_info    0x0000b7a6      0xd45 build/obj/serial_lld.o
 .debug_info    0x0000c4eb      0x1b6 build/obj/board.o
 .debug_info    0x0000c6a1      0x4b0 build/obj/chprintf.o
 .debug_info    0x0000cb51     0x1081 build/obj/ledcomm.o
 .debug_info    0x0000dbd2     0x1147 build/obj/led.o
 .debug_info    0x0000ed19      0xeb7 build/obj/main.o

.debug_abbrev   0x00000000     0x3769
 .debug_abbrev  0x00000000       0xc3 build/obj/crt0.o
 .debug_abbrev  0x000000c3       0xad build/obj/vectors.o
 .debug_abbrev  0x00000170       0x40 build/obj/chcore.o
 .debug_abbrev  0x000001b0      0x175 build/obj/chcore_v7m.o
 .debug_abbrev  0x00000325      0x10c build/obj/nvic.o
 .debug_abbrev  0x00000431      0x189 build/obj/chsys.o
 .debug_abbrev  0x000005ba      0x1e6 build/obj/chdebug.o
 .debug_abbrev  0x000007a0       0xf7 build/obj/chvt.o
 .debug_abbrev  0x00000897      0x200 build/obj/chschd.o
 .debug_abbrev  0x00000a97      0x228 build/obj/chthreads.o
 .debug_abbrev  0x00000cbf      0x147 build/obj/chregistry.o
 .debug_abbrev  0x00000e06      0x1d3 build/obj/chsem.o
 .debug_abbrev  0x00000fd9      0x1c4 build/obj/chmtx.o
 .debug_abbrev  0x0000119d      0x1fa build/obj/chevents.o
 .debug_abbrev  0x00001397      0x240 build/obj/chqueues.o
 .debug_abbrev  0x000015d7       0xf5 build/obj/chmemcore.o
 .debug_abbrev  0x000016cc      0x17d build/obj/chheap.o
 .debug_abbrev  0x00001849      0x132 build/obj/hal.o
 .debug_abbrev  0x0000197b      0x1ee build/obj/adc.o
 .debug_abbrev  0x00001b69      0x15c build/obj/ext.o
 .debug_abbrev  0x00001cc5      0x183 build/obj/gpt.o
 .debug_abbrev  0x00001e48      0x205 build/obj/serial.o
 .debug_abbrev  0x0000204d      0x19a build/obj/stm32_dma.o
 .debug_abbrev  0x000021e7      0x100 build/obj/hal_lld.o
 .debug_abbrev  0x000022e7      0x214 build/obj/adc_lld.o
 .debug_abbrev  0x000024fb      0x1a9 build/obj/ext_lld_isr.o
 .debug_abbrev  0x000026a4      0x19a build/obj/ext_lld.o
 .debug_abbrev  0x0000283e      0x15c build/obj/pal_lld.o
 .debug_abbrev  0x0000299a      0x1a5 build/obj/gpt_lld.o
 .debug_abbrev  0x00002b3f      0x232 build/obj/serial_lld.o
 .debug_abbrev  0x00002d71       0xc0 build/obj/board.o
 .debug_abbrev  0x00002e31      0x19c build/obj/chprintf.o
 .debug_abbrev  0x00002fcd      0x292 build/obj/ledcomm.o
 .debug_abbrev  0x0000325f      0x2ca build/obj/led.o
 .debug_abbrev  0x00003529      0x240 build/obj/main.o

.debug_aranges  0x00000000      0xc00
 .debug_aranges
                0x00000000       0x38 build/obj/crt0.o
 .debug_aranges
                0x00000038       0x20 build/obj/vectors.o
 .debug_aranges
                0x00000058       0x20 build/obj/chcore.o
 .debug_aranges
                0x00000078       0x50 build/obj/chcore_v7m.o
 .debug_aranges
                0x000000c8       0x30 build/obj/nvic.o
 .debug_aranges
                0x000000f8       0x30 build/obj/chsys.o
 .debug_aranges
                0x00000128       0x88 build/obj/chdebug.o
 .debug_aranges
                0x000001b0       0x30 build/obj/chvt.o
 .debug_aranges
                0x000001e0       0x78 build/obj/chschd.o
 .debug_aranges
                0x00000258       0x90 build/obj/chthreads.o
 .debug_aranges
                0x000002e8       0x28 build/obj/chregistry.o
 .debug_aranges
                0x00000310       0x88 build/obj/chsem.o
 .debug_aranges
                0x00000398       0x70 build/obj/chmtx.o
 .debug_aranges
                0x00000408       0xa0 build/obj/chevents.o
 .debug_aranges
                0x000004a8       0x80 build/obj/chqueues.o
 .debug_aranges
                0x00000528       0x38 build/obj/chmemcore.o
 .debug_aranges
                0x00000560       0x40 build/obj/chheap.o
 .debug_aranges
                0x000005a0       0x30 build/obj/hal.o
 .debug_aranges
                0x000005d0       0x70 build/obj/adc.o
 .debug_aranges
                0x00000640       0x50 build/obj/ext.o
 .debug_aranges
                0x00000690       0x78 build/obj/gpt.o
 .debug_aranges
                0x00000708       0x88 build/obj/serial.o
 .debug_aranges
                0x00000790       0x68 build/obj/stm32_dma.o
 .debug_aranges
                0x000007f8       0x30 build/obj/hal_lld.o
 .debug_aranges
                0x00000828       0x60 build/obj/adc_lld.o
 .debug_aranges
                0x00000888       0x90 build/obj/ext_lld_isr.o
 .debug_aranges
                0x00000918       0x40 build/obj/ext_lld.o
 .debug_aranges
                0x00000958       0x30 build/obj/pal_lld.o
 .debug_aranges
                0x00000988       0x58 build/obj/gpt_lld.o
 .debug_aranges
                0x000009e0       0x60 build/obj/serial_lld.o
 .debug_aranges
                0x00000a40       0x28 build/obj/board.o
 .debug_aranges
                0x00000a68       0x38 build/obj/chprintf.o
 .debug_aranges
                0x00000aa0       0xb0 build/obj/ledcomm.o
 .debug_aranges
                0x00000b50       0x80 build/obj/led.o
 .debug_aranges
                0x00000bd0       0x30 build/obj/main.o

.debug_ranges   0x00000000      0x9d0
 .debug_ranges  0x00000000       0x28 build/obj/crt0.o
 .debug_ranges  0x00000028       0x10 build/obj/vectors.o
 .debug_ranges  0x00000038       0x10 build/obj/chcore.o
 .debug_ranges  0x00000048       0x40 build/obj/chcore_v7m.o
 .debug_ranges  0x00000088       0x20 build/obj/nvic.o
 .debug_ranges  0x000000a8       0x20 build/obj/chsys.o
 .debug_ranges  0x000000c8       0x78 build/obj/chdebug.o
 .debug_ranges  0x00000140       0x20 build/obj/chvt.o
 .debug_ranges  0x00000160       0x68 build/obj/chschd.o
 .debug_ranges  0x000001c8       0x80 build/obj/chthreads.o
 .debug_ranges  0x00000248       0x18 build/obj/chregistry.o
 .debug_ranges  0x00000260       0x78 build/obj/chsem.o
 .debug_ranges  0x000002d8       0x60 build/obj/chmtx.o
 .debug_ranges  0x00000338       0x90 build/obj/chevents.o
 .debug_ranges  0x000003c8       0x70 build/obj/chqueues.o
 .debug_ranges  0x00000438       0x28 build/obj/chmemcore.o
 .debug_ranges  0x00000460       0x30 build/obj/chheap.o
 .debug_ranges  0x00000490       0x20 build/obj/hal.o
 .debug_ranges  0x000004b0       0x60 build/obj/adc.o
 .debug_ranges  0x00000510       0x40 build/obj/ext.o
 .debug_ranges  0x00000550       0x68 build/obj/gpt.o
 .debug_ranges  0x000005b8       0x78 build/obj/serial.o
 .debug_ranges  0x00000630       0x58 build/obj/stm32_dma.o
 .debug_ranges  0x00000688       0x20 build/obj/hal_lld.o
 .debug_ranges  0x000006a8       0x50 build/obj/adc_lld.o
 .debug_ranges  0x000006f8       0x80 build/obj/ext_lld_isr.o
 .debug_ranges  0x00000778       0x30 build/obj/ext_lld.o
 .debug_ranges  0x000007a8       0x20 build/obj/pal_lld.o
 .debug_ranges  0x000007c8       0x48 build/obj/gpt_lld.o
 .debug_ranges  0x00000810       0x50 build/obj/serial_lld.o
 .debug_ranges  0x00000860       0x18 build/obj/board.o
 .debug_ranges  0x00000878       0x28 build/obj/chprintf.o
 .debug_ranges  0x000008a0       0xa0 build/obj/ledcomm.o
 .debug_ranges  0x00000940       0x70 build/obj/led.o
 .debug_ranges  0x000009b0       0x20 build/obj/main.o

.debug_line     0x00000000     0x635b
 .debug_line    0x00000000      0x17f build/obj/crt0.o
 .debug_line    0x0000017f      0x10c build/obj/vectors.o
 .debug_line    0x0000028b       0x69 build/obj/chcore.o
 .debug_line    0x000002f4      0x254 build/obj/chcore_v7m.o
 .debug_line    0x00000548      0x137 build/obj/nvic.o
 .debug_line    0x0000067f      0x1fd build/obj/chsys.o
 .debug_line    0x0000087c      0x307 build/obj/chdebug.o
 .debug_line    0x00000b83      0x1b8 build/obj/chvt.o
 .debug_line    0x00000d3b      0x331 build/obj/chschd.o
 .debug_line    0x0000106c      0x3b1 build/obj/chthreads.o
 .debug_line    0x0000141d      0x227 build/obj/chregistry.o
 .debug_line    0x00001644      0x408 build/obj/chsem.o
 .debug_line    0x00001a4c      0x347 build/obj/chmtx.o
 .debug_line    0x00001d93      0x39b build/obj/chevents.o
 .debug_line    0x0000212e      0x3c1 build/obj/chqueues.o
 .debug_line    0x000024ef      0x18d build/obj/chmemcore.o
 .debug_line    0x0000267c      0x2ca build/obj/chheap.o
 .debug_line    0x00002946      0x292 build/obj/hal.o
 .debug_line    0x00002bd8      0x412 build/obj/adc.o
 .debug_line    0x00002fea      0x28e build/obj/ext.o
 .debug_line    0x00003278      0x306 build/obj/gpt.o
 .debug_line    0x0000357e      0x42c build/obj/serial.o
 .debug_line    0x000039aa      0x2ab build/obj/stm32_dma.o
 .debug_line    0x00003c55      0x217 build/obj/hal_lld.o
 .debug_line    0x00003e6c      0x3c5 build/obj/adc_lld.o
 .debug_line    0x00004231      0x321 build/obj/ext_lld_isr.o
 .debug_line    0x00004552      0x23e build/obj/ext_lld.o
 .debug_line    0x00004790      0x1f0 build/obj/pal_lld.o
 .debug_line    0x00004980      0x29c build/obj/gpt_lld.o
 .debug_line    0x00004c1c      0x3db build/obj/serial_lld.o
 .debug_line    0x00004ff7      0x19e build/obj/board.o
 .debug_line    0x00005195      0x2f1 build/obj/chprintf.o
 .debug_line    0x00005486      0x54d build/obj/ledcomm.o
 .debug_line    0x000059d3      0x56c build/obj/led.o
 .debug_line    0x00005f3f      0x41c build/obj/main.o

.debug_str      0x00000000     0x2b51
 .debug_str     0x00000000      0x279 build/obj/crt0.o
                                0x2be (size before relaxing)
 .debug_str     0x00000279      0x156 build/obj/vectors.o
                                0x2e4 (size before relaxing)
 .debug_str     0x000003cf       0x3e build/obj/chcore.o
                                0x1ac (size before relaxing)
 .debug_str     0x0000040d      0x2cc build/obj/chcore_v7m.o
                                0x488 (size before relaxing)
 .debug_str     0x000006d9       0xcc build/obj/nvic.o
                                0x2b6 (size before relaxing)
 .debug_str     0x000007a5      0x1dd build/obj/chsys.o
                                0x554 (size before relaxing)
 .debug_str     0x00000982      0x1b4 build/obj/chdebug.o
                                0x576 (size before relaxing)
 .debug_str     0x00000b36       0x50 build/obj/chvt.o
                                0x237 (size before relaxing)
 .debug_str     0x00000b86       0xfe build/obj/chschd.o
                                0x4b6 (size before relaxing)
 .debug_str     0x00000c84      0x119 build/obj/chthreads.o
                                0x4ec (size before relaxing)
 .debug_str     0x00000d9d       0x53 build/obj/chregistry.o
                                0x4c3 (size before relaxing)
 .debug_str     0x00000df0       0xd9 build/obj/chsem.o
                                0x46e (size before relaxing)
 .debug_str     0x00000ec9       0xa2 build/obj/chmtx.o
                                0x424 (size before relaxing)
 .debug_str     0x00000f6b      0x1ca build/obj/chevents.o
                                0x540 (size before relaxing)
 .debug_str     0x00001135      0x12a build/obj/chqueues.o
                                0x4c6 (size before relaxing)
 .debug_str     0x0000125f       0x8c build/obj/chmemcore.o
                                0x22c (size before relaxing)
 .debug_str     0x000012eb       0xc9 build/obj/chheap.o
                                0x40c (size before relaxing)
 .debug_str     0x000013b4      0x136 build/obj/hal.o
                                0x2df (size before relaxing)
 .debug_str     0x000014ea      0x2ea build/obj/adc.o
                                0x69a (size before relaxing)
 .debug_str     0x000017d4      0x100 build/obj/ext.o
                                0x2c4 (size before relaxing)
 .debug_str     0x000018d4      0x1b9 build/obj/gpt.o
                                0x367 (size before relaxing)
 .debug_str     0x00001a8d      0x162 build/obj/serial.o
                                0x59b (size before relaxing)
 .debug_str     0x00001bef      0x442 build/obj/stm32_dma.o
                                0x689 (size before relaxing)
 .debug_str     0x00002031      0x104 build/obj/hal_lld.o
                                0x365 (size before relaxing)
 .debug_str     0x00002135      0x10f build/obj/adc_lld.o
                                0x9f6 (size before relaxing)
 .debug_str     0x00002244      0x109 build/obj/ext_lld_isr.o
                                0x5eb (size before relaxing)
 .debug_str     0x0000234d       0xac build/obj/ext_lld.o
                                0x30c (size before relaxing)
 .debug_str     0x000023f9       0xe3 build/obj/pal_lld.o
                                0x37f (size before relaxing)
 .debug_str     0x000024dc       0xc9 build/obj/gpt_lld.o
                                0x692 (size before relaxing)
 .debug_str     0x000025a5       0x9b build/obj/serial_lld.o
                                0x8ec (size before relaxing)
 .debug_str     0x00002640       0x41 build/obj/board.o
                                0x26e (size before relaxing)
 .debug_str     0x00002681      0x147 build/obj/chprintf.o
                                0x314 (size before relaxing)
 .debug_str     0x000027c8      0x1e4 build/obj/ledcomm.o
                                0x751 (size before relaxing)
 .debug_str     0x000029ac      0x118 build/obj/led.o
                                0x906 (size before relaxing)
 .debug_str     0x00002ac4       0x8d build/obj/main.o
                                0x7d3 (size before relaxing)

.comment        0x00000000       0x70
 .comment       0x00000000       0x70 build/obj/crt0.o
                                 0x71 (size before relaxing)
 .comment       0x00000000       0x71 build/obj/vectors.o
 .comment       0x00000000       0x71 build/obj/chcore.o
 .comment       0x00000000       0x71 build/obj/chcore_v7m.o
 .comment       0x00000000       0x71 build/obj/nvic.o
 .comment       0x00000000       0x71 build/obj/chsys.o
 .comment       0x00000000       0x71 build/obj/chdebug.o
 .comment       0x00000000       0x71 build/obj/chvt.o
 .comment       0x00000000       0x71 build/obj/chschd.o
 .comment       0x00000000       0x71 build/obj/chthreads.o
 .comment       0x00000000       0x71 build/obj/chregistry.o
 .comment       0x00000000       0x71 build/obj/chsem.o
 .comment       0x00000000       0x71 build/obj/chmtx.o
 .comment       0x00000000       0x71 build/obj/chevents.o
 .comment       0x00000000       0x71 build/obj/chqueues.o
 .comment       0x00000000       0x71 build/obj/chmemcore.o
 .comment       0x00000000       0x71 build/obj/chheap.o
 .comment       0x00000000       0x71 build/obj/hal.o
 .comment       0x00000000       0x71 build/obj/adc.o
 .comment       0x00000000       0x71 build/obj/ext.o
 .comment       0x00000000       0x71 build/obj/gpt.o
 .comment       0x00000000       0x71 build/obj/serial.o
 .comment       0x00000000       0x71 build/obj/stm32_dma.o
 .comment       0x00000000       0x71 build/obj/hal_lld.o
 .comment       0x00000000       0x71 build/obj/adc_lld.o
 .comment       0x00000000       0x71 build/obj/ext_lld_isr.o
 .comment       0x00000000       0x71 build/obj/ext_lld.o
 .comment       0x00000000       0x71 build/obj/pal_lld.o
 .comment       0x00000000       0x71 build/obj/gpt_lld.o
 .comment       0x00000000       0x71 build/obj/serial_lld.o
 .comment       0x00000000       0x71 build/obj/board.o
 .comment       0x00000000       0x71 build/obj/chprintf.o
 .comment       0x00000000       0x71 build/obj/ledcomm.o
 .comment       0x00000000       0x71 build/obj/led.o
 .comment       0x00000000       0x71 build/obj/main.o

.ARM.attributes
                0x00000000       0x33
 .ARM.attributes
                0x00000000       0x33 build/obj/crt0.o
 .ARM.attributes
                0x00000033       0x33 build/obj/vectors.o
 .ARM.attributes
                0x00000066       0x33 build/obj/chcore.o
 .ARM.attributes
                0x00000099       0x33 build/obj/chcore_v7m.o
 .ARM.attributes
                0x000000cc       0x33 build/obj/nvic.o
 .ARM.attributes
                0x000000ff       0x33 build/obj/chsys.o
 .ARM.attributes
                0x00000132       0x33 build/obj/chdebug.o
 .ARM.attributes
                0x00000165       0x33 build/obj/chvt.o
 .ARM.attributes
                0x00000198       0x33 build/obj/chschd.o
 .ARM.attributes
                0x000001cb       0x33 build/obj/chthreads.o
 .ARM.attributes
                0x000001fe       0x33 build/obj/chregistry.o
 .ARM.attributes
                0x00000231       0x33 build/obj/chsem.o
 .ARM.attributes
                0x00000264       0x33 build/obj/chmtx.o
 .ARM.attributes
                0x00000297       0x33 build/obj/chevents.o
 .ARM.attributes
                0x000002ca       0x33 build/obj/chqueues.o
 .ARM.attributes
                0x000002fd       0x33 build/obj/chmemcore.o
 .ARM.attributes
                0x00000330       0x33 build/obj/chheap.o
 .ARM.attributes
                0x00000363       0x33 build/obj/hal.o
 .ARM.attributes
                0x00000396       0x33 build/obj/adc.o
 .ARM.attributes
                0x000003c9       0x33 build/obj/ext.o
 .ARM.attributes
                0x000003fc       0x33 build/obj/gpt.o
 .ARM.attributes
                0x0000042f       0x33 build/obj/serial.o
 .ARM.attributes
                0x00000462       0x33 build/obj/stm32_dma.o
 .ARM.attributes
                0x00000495       0x33 build/obj/hal_lld.o
 .ARM.attributes
                0x000004c8       0x33 build/obj/adc_lld.o
 .ARM.attributes
                0x000004fb       0x33 build/obj/ext_lld_isr.o
 .ARM.attributes
                0x0000052e       0x33 build/obj/ext_lld.o
 .ARM.attributes
                0x00000561       0x33 build/obj/pal_lld.o
 .ARM.attributes
                0x00000594       0x33 build/obj/gpt_lld.o
 .ARM.attributes
                0x000005c7       0x33 build/obj/serial_lld.o
 .ARM.attributes
                0x000005fa       0x33 build/obj/board.o
 .ARM.attributes
                0x0000062d       0x33 build/obj/chprintf.o
 .ARM.attributes
                0x00000660       0x33 build/obj/ledcomm.o
 .ARM.attributes
                0x00000693       0x33 build/obj/led.o
 .ARM.attributes
                0x000006c6       0x33 build/obj/main.o

.debug_frame    0x00000000     0x1ea4
 .debug_frame   0x00000000       0x50 build/obj/crt0.o
 .debug_frame   0x00000050       0x20 build/obj/vectors.o
 .debug_frame   0x00000070       0x20 build/obj/chcore.o
 .debug_frame   0x00000090       0xac build/obj/chcore_v7m.o
 .debug_frame   0x0000013c       0x64 build/obj/nvic.o
 .debug_frame   0x000001a0       0x5c build/obj/chsys.o
 .debug_frame   0x000001fc      0x184 build/obj/chdebug.o
 .debug_frame   0x00000380       0x58 build/obj/chvt.o
 .debug_frame   0x000003d8      0x144 build/obj/chschd.o
 .debug_frame   0x0000051c      0x194 build/obj/chthreads.o
 .debug_frame   0x000006b0       0x48 build/obj/chregistry.o
 .debug_frame   0x000006f8      0x180 build/obj/chsem.o
 .debug_frame   0x00000878      0x12c build/obj/chmtx.o
 .debug_frame   0x000009a4      0x1e4 build/obj/chevents.o
 .debug_frame   0x00000b88      0x15c build/obj/chqueues.o
 .debug_frame   0x00000ce4       0x68 build/obj/chmemcore.o
 .debug_frame   0x00000d4c       0x9c build/obj/chheap.o
 .debug_frame   0x00000de8       0x5c build/obj/hal.o
 .debug_frame   0x00000e44      0x144 build/obj/adc.o
 .debug_frame   0x00000f88       0xcc build/obj/ext.o
 .debug_frame   0x00001054      0x158 build/obj/gpt.o
 .debug_frame   0x000011ac      0x198 build/obj/serial.o
 .debug_frame   0x00001344      0x120 build/obj/stm32_dma.o
 .debug_frame   0x00001464       0x4c build/obj/hal_lld.o
 .debug_frame   0x000014b0       0xe4 build/obj/adc_lld.o
 .debug_frame   0x00001594      0x1b4 build/obj/ext_lld_isr.o
 .debug_frame   0x00001748       0x8c build/obj/ext_lld.o
 .debug_frame   0x000017d4       0x54 build/obj/pal_lld.o
 .debug_frame   0x00001828       0xd8 build/obj/gpt_lld.o
 .debug_frame   0x00001900       0xf4 build/obj/serial_lld.o
 .debug_frame   0x000019f4       0x3c build/obj/board.o
 .debug_frame   0x00001a30       0x80 build/obj/chprintf.o
 .debug_frame   0x00001ab0      0x224 build/obj/ledcomm.o
 .debug_frame   0x00001cd4      0x15c build/obj/led.o
 .debug_frame   0x00001e30       0x74 build/obj/main.o

Cross Reference Table

Symbol                                            File
ADCD1                                             build/obj/adc_lld.o
BusFaultVector                                    build/obj/vectors.o
DebugMonitorVector                                build/obj/vectors.o
EXTD1                                             build/obj/ext_lld.o
                                                  build/obj/led.o
                                                  build/obj/ledcomm.o
                                                  build/obj/ext_lld_isr.o
GPTC_LEDComm                                      build/obj/led.o
GPTD2                                             build/obj/gpt_lld.o
                                                  build/obj/led.o
HardFaultVector                                   build/obj/vectors.o
LCOM2                                             build/obj/ledcomm.o
                                                  build/obj/main.o
                                                  build/obj/led.o
LEDCommThread                                     build/obj/led.o
                                                  build/obj/ledcomm.o
MemManageVector                                   build/obj/vectors.o
NMIVector                                         build/obj/vectors.o
PendSVVector                                      build/obj/vectors.o
ResetHandler                                      build/obj/crt0.o
                                                  build/obj/vectors.o
SD2                                               build/obj/serial_lld.o
                                                  build/obj/main.o
SVCallVector                                      build/obj/chcore_v7m.o
                                                  build/obj/vectors.o
SysTickVector                                     build/obj/chcore_v7m.o
                                                  build/obj/vectors.o
TestThread                                        build/obj/test.o
UsageFaultVector                                  build/obj/vectors.o
Vector1C                                          build/obj/vectors.o
Vector20                                          build/obj/vectors.o
Vector24                                          build/obj/vectors.o
Vector28                                          build/obj/vectors.o
Vector34                                          build/obj/vectors.o
Vector40                                          build/obj/vectors.o
Vector44                                          build/obj/ext_lld_isr.o
                                                  build/obj/vectors.o
Vector48                                          build/obj/ext_lld_isr.o
                                                  build/obj/vectors.o
Vector4C                                          build/obj/ext_lld_isr.o
                                                  build/obj/vectors.o
Vector50                                          build/obj/vectors.o
Vector54                                          build/obj/vectors.o
Vector58                                          build/obj/ext_lld_isr.o
                                                  build/obj/vectors.o
Vector5C                                          build/obj/ext_lld_isr.o
                                                  build/obj/vectors.o
Vector60                                          build/obj/ext_lld_isr.o
                                                  build/obj/vectors.o
Vector64                                          build/obj/ext_lld_isr.o
                                                  build/obj/vectors.o
Vector68                                          build/obj/ext_lld_isr.o
                                                  build/obj/vectors.o
Vector6C                                          build/obj/stm32_dma.o
                                                  build/obj/vectors.o
Vector70                                          build/obj/stm32_dma.o
                                                  build/obj/vectors.o
Vector74                                          build/obj/stm32_dma.o
                                                  build/obj/vectors.o
Vector78                                          build/obj/stm32_dma.o
                                                  build/obj/vectors.o
Vector7C                                          build/obj/stm32_dma.o
                                                  build/obj/vectors.o
Vector80                                          build/obj/stm32_dma.o
                                                  build/obj/vectors.o
Vector84                                          build/obj/stm32_dma.o
                                                  build/obj/vectors.o
Vector88                                          build/obj/adc_lld.o
                                                  build/obj/vectors.o
Vector8C                                          build/obj/vectors.o
Vector90                                          build/obj/vectors.o
Vector94                                          build/obj/vectors.o
Vector98                                          build/obj/ext_lld_isr.o
                                                  build/obj/vectors.o
Vector9C                                          build/obj/ext_lld_isr.o
                                                  build/obj/vectors.o
VectorA0                                          build/obj/vectors.o
VectorA4                                          build/obj/vectors.o
VectorA8                                          build/obj/vectors.o
VectorAC                                          build/obj/vectors.o
VectorB0                                          build/obj/gpt_lld.o
                                                  build/obj/vectors.o
VectorB4                                          build/obj/vectors.o
VectorB8                                          build/obj/vectors.o
VectorBC                                          build/obj/vectors.o
VectorC0                                          build/obj/vectors.o
VectorC4                                          build/obj/vectors.o
VectorC8                                          build/obj/vectors.o
VectorCC                                          build/obj/vectors.o
VectorD0                                          build/obj/vectors.o
VectorD4                                          build/obj/vectors.o
VectorD8                                          build/obj/serial_lld.o
                                                  build/obj/vectors.o
VectorDC                                          build/obj/vectors.o
VectorE0                                          build/obj/ext_lld_isr.o
                                                  build/obj/vectors.o
VectorE4                                          build/obj/ext_lld_isr.o
                                                  build/obj/vectors.o
VectorE8                                          build/obj/ext_lld_isr.o
                                                  build/obj/vectors.o
VectorEC                                          build/obj/vectors.o
VectorF0                                          build/obj/vectors.o
__early_init                                      build/obj/board.o
                                                  build/obj/crt0.o
__fini_array_end                                  build/obj/crt0.o
__fini_array_start                                build/obj/crt0.o
__heap_base__                                     build/obj/chmemcore.o
__heap_end__                                      build/obj/chmemcore.o
__init_array_end                                  build/obj/crt0.o
__init_array_start                                build/obj/crt0.o
__late_init                                       build/obj/crt0.o
__main_stack_base__                               build/obj/crt0.o
__main_stack_end__                                build/obj/vectors.o
                                                  build/obj/crt0.o
__main_thread_stack_base__                        build/obj/chsys.o
__process_stack_base__                            build/obj/crt0.o
__process_stack_end__                             build/obj/crt0.o
_bss_end                                          build/obj/crt0.o
_bss_start                                        build/obj/crt0.o
_core_init                                        build/obj/chmemcore.o
                                                  build/obj/chsys.o
_data                                             build/obj/crt0.o
_default_exit                                     build/obj/crt0.o
_edata                                            build/obj/crt0.o
_heap_init                                        build/obj/chheap.o
                                                  build/obj/chsys.o
_idle_thread                                      build/obj/chsys.o
_idle_thread_wa                                   build/obj/chsys.o
_pal_lld_init                                     build/obj/pal_lld.o
                                                  build/obj/hal.o
_pal_lld_setgroupmode                             build/obj/pal_lld.o
                                                  build/obj/main.o
                                                  build/obj/led.o
                                                  build/obj/ledcomm.o
                                                  build/obj/pal.o
_port_init                                        build/obj/chcore_v7m.o
                                                  build/obj/chsys.o
_port_irq_epilogue                                build/obj/chcore_v7m.o
                                                  build/obj/serial_lld.o
                                                  build/obj/gpt_lld.o
                                                  build/obj/ext_lld_isr.o
                                                  build/obj/adc_lld.o
                                                  build/obj/stm32_dma.o
_port_switch                                      build/obj/chcore_v7m.o
                                                  build/obj/chschd.o
_port_switch_from_isr                             build/obj/chcore_v7m.o
_port_thread_start                                build/obj/chcore_v7m.o
                                                  build/obj/chthreads.o
_scheduler_init                                   build/obj/chschd.o
                                                  build/obj/chsys.o
_stm32_dma_streams                                build/obj/stm32_dma.o
                                                  build/obj/adc_lld.o
_test_assert                                      build/obj/test.o
                                                  build/obj/testqueues.o
                                                  build/obj/testdyn.o
                                                  build/obj/testpools.o
                                                  build/obj/testheap.o
                                                  build/obj/testevt.o
                                                  build/obj/testmbox.o
                                                  build/obj/testmtx.o
                                                  build/obj/testsem.o
                                                  build/obj/testthd.o
_test_assert_sequence                             build/obj/test.o
                                                  build/obj/testqueues.o
                                                  build/obj/testdyn.o
                                                  build/obj/testevt.o
                                                  build/obj/testmbox.o
                                                  build/obj/testmsg.o
                                                  build/obj/testmtx.o
                                                  build/obj/testsem.o
                                                  build/obj/testthd.o
_test_assert_time_window                          build/obj/test.o
                                                  build/obj/testevt.o
                                                  build/obj/testmtx.o
                                                  build/obj/testsem.o
                                                  build/obj/testthd.o
_test_fail                                        build/obj/test.o
_textdata                                         build/obj/crt0.o
_thread_init                                      build/obj/chthreads.o
                                                  build/obj/chsys.o
_thread_memfill                                   build/obj/chthreads.o
                                                  build/obj/chdynamic.o
_trace_init                                       build/obj/chdebug.o
                                                  build/obj/chsys.o
_unhandled_exception                              build/obj/vectors.o
_vectors                                          build/obj/vectors.o
_vt_init                                          build/obj/chvt.o
                                                  build/obj/chsys.o
adcAcquireBus                                     build/obj/adc.o
adcConvert                                        build/obj/adc.o
adcInit                                           build/obj/adc.o
                                                  build/obj/hal.o
adcObjectInit                                     build/obj/adc.o
                                                  build/obj/adc_lld.o
adcReleaseBus                                     build/obj/adc.o
adcSTM32DisableTSVREFE                            build/obj/adc_lld.o
adcSTM32EnableTSVREFE                             build/obj/adc_lld.o
adcStart                                          build/obj/adc.o
adcStartConversion                                build/obj/adc.o
adcStartConversionI                               build/obj/adc.o
adcStop                                           build/obj/adc.o
adcStopConversion                                 build/obj/adc.o
adcStopConversionI                                build/obj/adc.o
adc_lld_init                                      build/obj/adc_lld.o
                                                  build/obj/adc.o
adc_lld_start                                     build/obj/adc_lld.o
                                                  build/obj/adc.o
adc_lld_start_conversion                          build/obj/adc_lld.o
                                                  build/obj/adc.o
adc_lld_stop                                      build/obj/adc_lld.o
                                                  build/obj/adc.o
adc_lld_stop_conversion                           build/obj/adc_lld.o
                                                  build/obj/adc.o
boardInit                                         build/obj/board.o
                                                  build/obj/hal.o
chCondBroadcast                                   build/obj/chcond.o
                                                  build/obj/testmtx.o
chCondBroadcastI                                  build/obj/chcond.o
chCondInit                                        build/obj/chcond.o
                                                  build/obj/testmtx.o
chCondSignal                                      build/obj/chcond.o
                                                  build/obj/testmtx.o
chCondSignalI                                     build/obj/chcond.o
                                                  build/obj/testmtx.o
chCondWait                                        build/obj/chcond.o
                                                  build/obj/testmtx.o
chCondWaitS                                       build/obj/chcond.o
chCondWaitTimeout                                 build/obj/chcond.o
                                                  build/obj/testmtx.o
chCondWaitTimeoutS                                build/obj/chcond.o
chCoreAlloc                                       build/obj/chmemcore.o
                                                  build/obj/chheap.o
chCoreAllocI                                      build/obj/chmemcore.o
chCoreStatus                                      build/obj/chmemcore.o
                                                  build/obj/testheap.o
chDbgCheckClassI                                  build/obj/chdebug.o
                                                  build/obj/ledcomm-uart.o
                                                  build/obj/ledcomm.o
                                                  build/obj/serial.o
                                                  build/obj/gpt.o
                                                  build/obj/adc.o
                                                  build/obj/chmempools.o
                                                  build/obj/chmemcore.o
                                                  build/obj/chqueues.o
                                                  build/obj/chmboxes.o
                                                  build/obj/chevents.o
                                                  build/obj/chcond.o
                                                  build/obj/chsem.o
                                                  build/obj/chthreads.o
                                                  build/obj/chschd.o
                                                  build/obj/chvt.o
                                                  build/obj/chsys.o
chDbgCheckClassS                                  build/obj/chdebug.o
                                                  build/obj/chmboxes.o
                                                  build/obj/chcond.o
                                                  build/obj/chmtx.o
                                                  build/obj/chsem.o
                                                  build/obj/chschd.o
chDbgPanic                                        build/obj/chdebug.o
                                                  build/obj/ledcomm-uart.o
                                                  build/obj/led.o
                                                  build/obj/ledcomm.o
                                                  build/obj/gpt_lld.o
                                                  build/obj/adc_lld.o
                                                  build/obj/stm32_dma.o
                                                  build/obj/serial.o
                                                  build/obj/pal.o
                                                  build/obj/gpt.o
                                                  build/obj/ext.o
                                                  build/obj/adc.o
                                                  build/obj/chmempools.o
                                                  build/obj/chheap.o
                                                  build/obj/chqueues.o
                                                  build/obj/chmboxes.o
                                                  build/obj/chmsg.o
                                                  build/obj/chevents.o
                                                  build/obj/chcond.o
                                                  build/obj/chmtx.o
                                                  build/obj/chsem.o
                                                  build/obj/chregistry.o
                                                  build/obj/chdynamic.o
                                                  build/obj/chthreads.o
                                                  build/obj/chschd.o
                                                  build/obj/chvt.o
chEvtAddEvents                                    build/obj/chevents.o
                                                  build/obj/testevt.o
chEvtBroadcastFlags                               build/obj/chevents.o
                                                  build/obj/testevt.o
chEvtBroadcastFlagsI                              build/obj/chevents.o
                                                  build/obj/ledcomm.o
                                                  build/obj/serial_lld.o
                                                  build/obj/serial.o
chEvtDispatch                                     build/obj/chevents.o
                                                  build/obj/testevt.o
chEvtGetAndClearEvents                            build/obj/chevents.o
                                                  build/obj/testevt.o
chEvtGetAndClearFlags                             build/obj/chevents.o
                                                  build/obj/main.o
chEvtGetAndClearFlagsI                            build/obj/chevents.o
chEvtRegisterMask                                 build/obj/chevents.o
                                                  build/obj/main.o
                                                  build/obj/testevt.o
chEvtSignal                                       build/obj/chevents.o
                                                  build/obj/testevt.o
chEvtSignalI                                      build/obj/chevents.o
chEvtUnregister                                   build/obj/chevents.o
                                                  build/obj/testevt.o
chEvtWaitAll                                      build/obj/chevents.o
                                                  build/obj/testevt.o
chEvtWaitAllTimeout                               build/obj/chevents.o
                                                  build/obj/main.o
                                                  build/obj/testevt.o
chEvtWaitAny                                      build/obj/chevents.o
                                                  build/obj/testevt.o
chEvtWaitAnyTimeout                               build/obj/chevents.o
                                                  build/obj/testevt.o
chEvtWaitOne                                      build/obj/chevents.o
                                                  build/obj/testevt.o
chEvtWaitOneTimeout                               build/obj/chevents.o
                                                  build/obj/testevt.o
chHeapAlloc                                       build/obj/chheap.o
                                                  build/obj/testdyn.o
                                                  build/obj/testheap.o
                                                  build/obj/chdynamic.o
chHeapFree                                        build/obj/chheap.o
                                                  build/obj/testdyn.o
                                                  build/obj/testheap.o
                                                  build/obj/chdynamic.o
chHeapInit                                        build/obj/chheap.o
                                                  build/obj/testdyn.o
                                                  build/obj/testheap.o
chHeapStatus                                      build/obj/chheap.o
                                                  build/obj/testdyn.o
                                                  build/obj/testheap.o
chIQGetTimeout                                    build/obj/chqueues.o
                                                  build/obj/ledcomm.o
                                                  build/obj/serial.o
                                                  build/obj/testbmk.o
                                                  build/obj/testqueues.o
chIQInit                                          build/obj/chqueues.o
                                                  build/obj/ledcomm.o
                                                  build/obj/serial.o
                                                  build/obj/testbmk.o
                                                  build/obj/testqueues.o
chIQPutI                                          build/obj/chqueues.o
                                                  build/obj/ledcomm.o
                                                  build/obj/serial.o
                                                  build/obj/testbmk.o
                                                  build/obj/testqueues.o
chIQReadTimeout                                   build/obj/chqueues.o
                                                  build/obj/ledcomm.o
                                                  build/obj/serial.o
                                                  build/obj/testqueues.o
chIQResetI                                        build/obj/chqueues.o
                                                  build/obj/ledcomm.o
                                                  build/obj/serial.o
                                                  build/obj/testqueues.o
chMBFetch                                         build/obj/chmboxes.o
                                                  build/obj/testmbox.o
chMBFetchI                                        build/obj/chmboxes.o
                                                  build/obj/testmbox.o
chMBFetchS                                        build/obj/chmboxes.o
chMBInit                                          build/obj/chmboxes.o
                                                  build/obj/testmbox.o
chMBPost                                          build/obj/chmboxes.o
                                                  build/obj/testmbox.o
chMBPostAhead                                     build/obj/chmboxes.o
                                                  build/obj/testmbox.o
chMBPostAheadI                                    build/obj/chmboxes.o
                                                  build/obj/testmbox.o
chMBPostAheadS                                    build/obj/chmboxes.o
chMBPostI                                         build/obj/chmboxes.o
                                                  build/obj/testmbox.o
chMBPostS                                         build/obj/chmboxes.o
chMBReset                                         build/obj/chmboxes.o
                                                  build/obj/testmbox.o
chMsgRelease                                      build/obj/chmsg.o
                                                  build/obj/testbmk.o
                                                  build/obj/testmsg.o
chMsgSend                                         build/obj/chmsg.o
                                                  build/obj/testbmk.o
                                                  build/obj/testmsg.o
chMsgWait                                         build/obj/chmsg.o
                                                  build/obj/testbmk.o
                                                  build/obj/testmsg.o
chMtxInit                                         build/obj/chmtx.o
                                                  build/obj/adc.o
                                                  build/obj/testbmk.o
                                                  build/obj/testmtx.o
                                                  build/obj/chheap.o
chMtxLock                                         build/obj/chmtx.o
                                                  build/obj/adc.o
                                                  build/obj/testbmk.o
                                                  build/obj/testmtx.o
                                                  build/obj/chheap.o
chMtxLockS                                        build/obj/chmtx.o
                                                  build/obj/chcond.o
chMtxTryLock                                      build/obj/chmtx.o
                                                  build/obj/testmtx.o
chMtxTryLockS                                     build/obj/chmtx.o
chMtxUnlock                                       build/obj/chmtx.o
                                                  build/obj/adc.o
                                                  build/obj/testbmk.o
                                                  build/obj/testmtx.o
                                                  build/obj/chheap.o
chMtxUnlockAll                                    build/obj/chmtx.o
                                                  build/obj/testmtx.o
chMtxUnlockS                                      build/obj/chmtx.o
                                                  build/obj/testmtx.o
                                                  build/obj/chcond.o
chOQGetI                                          build/obj/chqueues.o
                                                  build/obj/ledcomm.o
                                                  build/obj/serial_lld.o
                                                  build/obj/serial.o
                                                  build/obj/testqueues.o
chOQInit                                          build/obj/chqueues.o
                                                  build/obj/ledcomm.o
                                                  build/obj/serial.o
                                                  build/obj/testqueues.o
chOQPutTimeout                                    build/obj/chqueues.o
                                                  build/obj/ledcomm.o
                                                  build/obj/serial.o
                                                  build/obj/testqueues.o
chOQResetI                                        build/obj/chqueues.o
                                                  build/obj/ledcomm.o
                                                  build/obj/serial.o
                                                  build/obj/testqueues.o
chOQWriteTimeout                                  build/obj/chqueues.o
                                                  build/obj/ledcomm.o
                                                  build/obj/serial.o
                                                  build/obj/testqueues.o
chPoolAlloc                                       build/obj/chmempools.o
                                                  build/obj/testdyn.o
                                                  build/obj/testpools.o
                                                  build/obj/chdynamic.o
chPoolAllocI                                      build/obj/chmempools.o
chPoolFree                                        build/obj/chmempools.o
                                                  build/obj/testdyn.o
                                                  build/obj/testpools.o
                                                  build/obj/chdynamic.o
chPoolFreeI                                       build/obj/chmempools.o
chPoolInit                                        build/obj/chmempools.o
                                                  build/obj/testdyn.o
                                                  build/obj/testpools.o
chPoolLoadArray                                   build/obj/chmempools.o
                                                  build/obj/testpools.o
chRegFirstThread                                  build/obj/chregistry.o
                                                  build/obj/testdyn.o
chRegNextThread                                   build/obj/chregistry.o
                                                  build/obj/testdyn.o
chSchDoReschedule                                 build/obj/chschd.o
                                                  build/obj/chcore_v7m.o
chSchDoRescheduleAhead                            build/obj/chschd.o
chSchDoRescheduleBehind                           build/obj/chschd.o
                                                  build/obj/chthreads.o
chSchGoSleepS                                     build/obj/chschd.o
                                                  build/obj/adc.o
                                                  build/obj/testbmk.o
                                                  build/obj/chmsg.o
                                                  build/obj/chevents.o
                                                  build/obj/chcond.o
                                                  build/obj/chmtx.o
                                                  build/obj/chsem.o
                                                  build/obj/chthreads.o
chSchGoSleepTimeoutS                              build/obj/chschd.o
                                                  build/obj/chqueues.o
                                                  build/obj/chevents.o
                                                  build/obj/chcond.o
                                                  build/obj/chsem.o
                                                  build/obj/chthreads.o
chSchReadyI                                       build/obj/chschd.o
                                                  build/obj/adc_lld.o
                                                  build/obj/adc.o
                                                  build/obj/chqueues.o
                                                  build/obj/chmsg.o
                                                  build/obj/chevents.o
                                                  build/obj/chcond.o
                                                  build/obj/chmtx.o
                                                  build/obj/chsem.o
                                                  build/obj/chthreads.o
chSchRescheduleS                                  build/obj/chschd.o
                                                  build/obj/ledcomm.o
                                                  build/obj/serial.o
                                                  build/obj/testmtx.o
                                                  build/obj/testsem.o
                                                  build/obj/chmboxes.o
                                                  build/obj/chevents.o
                                                  build/obj/chcond.o
                                                  build/obj/chmtx.o
                                                  build/obj/chsem.o
                                                  build/obj/chthreads.o
chSchWakeupS                                      build/obj/chschd.o
                                                  build/obj/adc.o
                                                  build/obj/testbmk.o
                                                  build/obj/chmsg.o
                                                  build/obj/chcond.o
                                                  build/obj/chmtx.o
                                                  build/obj/chsem.o
                                                  build/obj/chdynamic.o
                                                  build/obj/chthreads.o
chSemAddCounterI                                  build/obj/chsem.o
                                                  build/obj/testsem.o
chSemInit                                         build/obj/chsem.o
                                                  build/obj/led.o
                                                  build/obj/testbmk.o
                                                  build/obj/testsem.o
                                                  build/obj/chmboxes.o
chSemReset                                        build/obj/chsem.o
                                                  build/obj/led.o
                                                  build/obj/testbmk.o
                                                  build/obj/testsem.o
chSemResetI                                       build/obj/chsem.o
                                                  build/obj/led.o
                                                  build/obj/chmboxes.o
chSemSignal                                       build/obj/chsem.o
                                                  build/obj/testbmk.o
                                                  build/obj/testsem.o
chSemSignalI                                      build/obj/chsem.o
                                                  build/obj/testsem.o
                                                  build/obj/chmboxes.o
chSemSignalWait                                   build/obj/chsem.o
                                                  build/obj/testsem.o
chSemWait                                         build/obj/chsem.o
                                                  build/obj/led.o
                                                  build/obj/testbmk.o
                                                  build/obj/testsem.o